src/components/audio-generation/AudioGeneration.tsx(40,7): error TS6133: 'SFX_CATEGORIES' is declared but its value is never read.
src/components/audio-generation/AudioGeneration.tsx(50,7): error TS6133: 'MUSIC_CATEGORIES' is declared but its value is never read.
src/components/audio-generation/AudioGeneration.tsx(101,11): error TS6133: 'generatedAudio' is declared but its value is never read.
src/components/chat/ChatMessage.tsx(1,1): error TS6133: 'React' is declared but its value is never read.
src/components/chat/CodeView.tsx(2,1): error TS6133: 'cn' is declared but its value is never read.
src/components/chat/CodeView.tsx(10,49): error TS6133: 'onSelectFile' is declared but its value is never read.
src/components/chat/ImageGenerationCards.tsx(12,48): error TS6133: 'isLoading' is declared but its value is never read.
src/components/DebugInfo.tsx(1,1): error TS6133: 'React' is declared but its value is never read.
src/components/ErrorBoundary.tsx(1,8): error TS6133: 'React' is declared but its value is never read.
src/components/ErrorBoundary.tsx(1,28): error TS1484: 'ErrorInfo' is a type and must be imported using a type-only import when 'verbatimModuleSyntax' is enabled.
src/components/ErrorBoundary.tsx(1,39): error TS1484: 'ReactNode' is a type and must be imported using a type-only import when 'verbatimModuleSyntax' is enabled.
src/components/image-viewer/ImageViewer.tsx(27,9): error TS6133: 'navigate' is declared but its value is never read.
src/components/media-generation/MediaGeneration.tsx(648,22): error TS2304: Cannot find name 'editVideoSeed'.
src/components/media-generation/MediaGeneration.tsx(648,47): error TS2304: Cannot find name 'editVideoSeed'.
src/components/model-generation/Model3DGeneration.tsx(226,35): error TS2345: Argument of type '{ status: "completed"; url: string; format: string; id: string; taskId: string; progress?: number; riggingTaskId?: string; riggingStatus?: RiggingTask["status"]; riggingProgress?: number; riggedModelUrl?: string; riggedModelBlobUrl?: string; isTripoTask?: boolean; }' is not assignable to parameter of type 'GeneratedModel'.
  Types of property 'format' are incompatible.
    Type 'string' is not assignable to type 'ModelFormat'.
src/components/sprites/SpritesPlayer.tsx(23,30): error TS2503: Cannot find namespace 'NodeJS'.
src/components/ui/animated-beam.tsx(1,29): error TS6133: 'useRef' is declared but its value is never read.
src/components/ui/animated-beam.tsx(19,7): error TS6133: 'containerRef' is declared but its value is never read.
src/components/ui/animated-beam.tsx(20,7): error TS6133: 'fromRef' is declared but its value is never read.
src/components/ui/animated-beam.tsx(21,7): error TS6133: 'toRef' is declared but its value is never read.
src/components/ui/animated-beam.tsx(22,7): error TS6133: 'curvature' is declared but its value is never read.
src/components/ui/animated-beam.tsx(23,7): error TS6133: 'reverse' is declared but its value is never read.
src/components/ui/animated-beam.tsx(31,9): error TS2322: Type 'ForwardedRef<HTMLDivElement>' is not assignable to type 'LegacyRef<SVGSVGElement> | undefined'.
  Type '(instance: HTMLDivElement | null) => void' is not assignable to type 'LegacyRef<SVGSVGElement> | undefined'.
    Type '(instance: HTMLDivElement | null) => void' is not assignable to type '(instance: SVGSVGElement | null) => void'.
      Types of parameters 'instance' and 'instance' are incompatible.
        Type 'SVGSVGElement | null' is not assignable to type 'HTMLDivElement | null'.
          Type 'SVGSVGElement' is missing the following properties from type 'HTMLDivElement': align, accessKey, accessKeyLabel, autocapitalize, and 27 more.
src/components/ui/CodeViewer.tsx(42,9): error TS6133: 'fileType' is declared but its value is never read.
src/components/ui/image-viewer-modal.tsx(3,1): error TS6133: 'cn' is declared but its value is never read.
src/components/ui/image-viewer-modal.tsx(4,1): error TS6133: 'PixelImage' is declared but its value is never read.
src/components/ui/ImportToProjectPopup.tsx(5,10): error TS6133: 'importAssetToProject' is declared but its value is never read.
src/components/ui/ImportToProjectPopup.tsx(6,28): error TS2459: Module '"../../services/supabase"' declares 'Project' locally, but it is not exported.
src/components/ui/pixel-image.tsx(1,8): error TS6133: 'React' is declared but its value is never read.
src/components/ui/response.tsx(11,48): error TS6133: 'isStreaming' is declared but its value is never read.
src/components/ui/shadcn-io/background-paths.tsx(47,33): error TS6133: 'title' is declared but its value is never read.
src/components/ui/shimmer.tsx(1,1): error TS6133: 'React' is declared but its value is never read.
src/components/ui/shimmering-text.tsx(52,3): error TS6133: 'wave' is declared but its value is never read.
src/examples/multiDbUsageExample.ts(12,3): error TS6133: 'updateChatSession' is declared but its value is never read.
src/examples/multiDbUsageExample.ts(13,3): error TS6133: 'deleteChatSession' is declared but its value is never read.
src/hooks/useAuth.ts(2,26): error TS6133: 'getSession' is declared but its value is never read.
src/pages/Dashboard.tsx(8,3): error TS6133: 'Download' is declared but its value is never read.
src/pages/Dashboard.tsx(12,3): error TS6133: 'Github' is declared but its value is never read.
src/pages/Dashboard.tsx(13,3): error TS6133: 'Grid3x3' is declared but its value is never read.
src/pages/Dashboard.tsx(14,3): error TS6133: 'HelpCircle' is declared but its value is never read.
src/pages/Dashboard.tsx(15,3): error TS6133: 'Home' is declared but its value is never read.
src/pages/Dashboard.tsx(23,3): error TS6133: 'Search' is declared but its value is never read.
src/pages/Dashboard.tsx(24,3): error TS6133: 'Settings' is declared but its value is never read.
src/pages/Dashboard.tsx(26,3): error TS6133: 'TrendingUp' is declared but its value is never read.
src/pages/Dashboard.tsx(27,11): error TS6133: 'UserIcon' is declared but its value is never read.
src/pages/Dashboard.tsx(30,18): error TS6133: 'AnimatePresence' is declared but its value is never read.
src/pages/Dashboard.tsx(37,1): error TS6133: 'ThemeToggle' is declared but its value is never read.
src/pages/Dashboard.tsx(43,38): error TS6133: 'GitHubConnectionInput' is declared but its value is never read.
src/pages/Dashboard.tsx(45,10): error TS6133: 'calculateTokenCredits' is declared but its value is never read.
src/pages/Dashboard.tsx(62,9): error TS6133: 'theme' is declared but its value is never read.
src/pages/Dashboard.tsx(66,25): error TS6133: 'usage' is declared but its value is never read.
src/pages/Dashboard.tsx(465,9): error TS6133: 'handleBuilder' is declared but its value is never read.
src/pages/Dashboard.tsx(485,9): error TS6133: 'handleUpgrade' is declared but its value is never read.
src/pages/Dashboard.tsx(557,9): error TS6133: 'getNextPlanName' is declared but its value is never read.
src/pages/Dashboard.tsx(1801,56): error TS2304: Cannot find name 'FeatureSectionProps'.
src/pages/Dashboard.tsx(1812,21): error TS7006: Parameter 'step' implicitly has an 'any' type.
src/pages/Dashboard.tsx(1812,27): error TS7006: Parameter 'index' implicitly has an 'any' type.
src/pages/GameEngine.tsx(38,9): error TS6133: 'user' is declared but its value is never read.
src/pages/GameEngine.tsx(39,9): error TS6133: 'projectId' is declared but its value is never read.
src/pages/GameEngine.tsx(50,10): error TS6133: 'userModels' is declared but its value is never read.
src/pages/GameEngine.tsx(50,22): error TS6133: 'setUserModels' is declared but its value is never read.
src/pages/GameEngine.tsx(51,10): error TS6133: 'loadedModels' is declared but its value is never read.
src/pages/GameEngine.tsx(51,24): error TS6133: 'setLoadedModels' is declared but its value is never read.
src/pages/GameEngine.tsx(54,22): error TS6133: 'setSceneNodes' is declared but its value is never read.
src/pages/LandingPage.tsx(3,5): error TS6133: 'ArrowRight' is declared but its value is never read.
src/pages/Phaser2DGameEngine.tsx(24,10): error TS6133: 'searchParams' is declared but its value is never read.
src/pages/Phaser2DGameEngine.tsx(138,37): error TS6133: 'pointer' is declared but its value is never read.
src/pages/Phaser2DGameEngine.tsx(142,32): error TS6133: 'pointer' is declared but its value is never read.
src/pages/Phaser2DGameEngine.tsx(147,35): error TS6133: 'pointer' is declared but its value is never read.
src/pages/Phaser2DGameEngine.tsx(178,11): error TS2741: Property 'x' is missing in type '{ y: number; }' but required in type 'Vector2Like'.
src/pages/SignUp.tsx(103,9): error TS6133: 'bgImagePath' is declared but its value is never read.
src/services/gemini.ts(235,13): error TS2322: Type '{ role: "user" | "model"; parts: { text?: string | undefined; inlineData?: { mimeType: string; data: string; } | undefined; }[]; }' is not assignable to type 'Content'.
  Types of property 'parts' are incompatible.
    Type '{ text?: string | undefined; inlineData?: { mimeType: string; data: string; } | undefined; }[]' is not assignable to type 'Part[]'.
      Type '{ text?: string | undefined; inlineData?: { mimeType: string; data: string; } | undefined; }' is not assignable to type 'Part'.
        Property 'codeExecutionResult' is missing in type '{ text?: string | undefined; inlineData?: { mimeType: string; data: string; } | undefined; }' but required in type 'CodeExecutionResultPart'.
src/services/gemini.ts(239,47): error TS2345: Argument of type '{ text?: string | undefined; inlineData?: { mimeType: string; data: string; } | undefined; }[]' is not assignable to parameter of type 'string | (string | Part)[]'.
  Type '{ text?: string | undefined; inlineData?: { mimeType: string; data: string; } | undefined; }[]' is not assignable to type '(string | Part)[]'.
    Type '{ text?: string | undefined; inlineData?: { mimeType: string; data: string; } | undefined; }' is not assignable to type 'string | Part'.
      Type '{ text?: string | undefined; inlineData?: { mimeType: string; data: string; } | undefined; }' is not assignable to type 'TextPart | InlineDataPart | FunctionCallPart | FunctionResponsePart | FileDataPart | ExecutableCodePart | CodeExecutionResultPart'.
        Property 'codeExecutionResult' is missing in type '{ text?: string | undefined; inlineData?: { mimeType: string; data: string; } | undefined; }' but required in type 'CodeExecutionResultPart'.
src/services/gemini.ts(263,15): error TS2322: Type '{ role: "user" | "model"; parts: { text?: string | undefined; inlineData?: { mimeType: string; data: string; } | undefined; }[]; }' is not assignable to type 'Content'.
  Types of property 'parts' are incompatible.
    Type '{ text?: string | undefined; inlineData?: { mimeType: string; data: string; } | undefined; }[]' is not assignable to type 'Part[]'.
      Type '{ text?: string | undefined; inlineData?: { mimeType: string; data: string; } | undefined; }' is not assignable to type 'Part'.
        Property 'codeExecutionResult' is missing in type '{ text?: string | undefined; inlineData?: { mimeType: string; data: string; } | undefined; }' but required in type 'CodeExecutionResultPart'.
src/services/gemini.ts(267,49): error TS2345: Argument of type '{ text?: string | undefined; inlineData?: { mimeType: string; data: string; } | undefined; }[]' is not assignable to parameter of type 'string | (string | Part)[]'.
  Type '{ text?: string | undefined; inlineData?: { mimeType: string; data: string; } | undefined; }[]' is not assignable to type '(string | Part)[]'.
    Type '{ text?: string | undefined; inlineData?: { mimeType: string; data: string; } | undefined; }' is not assignable to type 'string | Part'.
      Type '{ text?: string | undefined; inlineData?: { mimeType: string; data: string; } | undefined; }' is not assignable to type 'TextPart | InlineDataPart | FunctionCallPart | FunctionResponsePart | FileDataPart | ExecutableCodePart | CodeExecutionResultPart'.
        Property 'codeExecutionResult' is missing in type '{ text?: string | undefined; inlineData?: { mimeType: string; data: string; } | undefined; }' but required in type 'CodeExecutionResultPart'.
src/services/gemini.ts(383,13): error TS2322: Type '{ role: "user" | "model"; parts: { text?: string | undefined; inlineData?: { mimeType: string; data: string; } | undefined; }[]; }' is not assignable to type 'Content'.
  Types of property 'parts' are incompatible.
    Type '{ text?: string | undefined; inlineData?: { mimeType: string; data: string; } | undefined; }[]' is not assignable to type 'Part[]'.
      Type '{ text?: string | undefined; inlineData?: { mimeType: string; data: string; } | undefined; }' is not assignable to type 'Part'.
        Property 'codeExecutionResult' is missing in type '{ text?: string | undefined; inlineData?: { mimeType: string; data: string; } | undefined; }' but required in type 'CodeExecutionResultPart'.
src/services/gemini.ts(387,53): error TS2345: Argument of type '{ text?: string | undefined; inlineData?: { mimeType: string; data: string; } | undefined; }[]' is not assignable to parameter of type 'string | (string | Part)[]'.
  Type '{ text?: string | undefined; inlineData?: { mimeType: string; data: string; } | undefined; }[]' is not assignable to type '(string | Part)[]'.
    Type '{ text?: string | undefined; inlineData?: { mimeType: string; data: string; } | undefined; }' is not assignable to type 'string | Part'.
      Type '{ text?: string | undefined; inlineData?: { mimeType: string; data: string; } | undefined; }' is not assignable to type 'TextPart | InlineDataPart | FunctionCallPart | FunctionResponsePart | FileDataPart | ExecutableCodePart | CodeExecutionResultPart'.
        Property 'codeExecutionResult' is missing in type '{ text?: string | undefined; inlineData?: { mimeType: string; data: string; } | undefined; }' but required in type 'CodeExecutionResultPart'.
src/services/gemini.ts(423,15): error TS2322: Type '{ role: "user" | "model"; parts: { text?: string | undefined; inlineData?: { mimeType: string; data: string; } | undefined; }[]; }' is not assignable to type 'Content'.
  Types of property 'parts' are incompatible.
    Type '{ text?: string | undefined; inlineData?: { mimeType: string; data: string; } | undefined; }[]' is not assignable to type 'Part[]'.
      Type '{ text?: string | undefined; inlineData?: { mimeType: string; data: string; } | undefined; }' is not assignable to type 'Part'.
        Property 'codeExecutionResult' is missing in type '{ text?: string | undefined; inlineData?: { mimeType: string; data: string; } | undefined; }' but required in type 'CodeExecutionResultPart'.
src/services/gemini.ts(427,55): error TS2345: Argument of type '{ text?: string | undefined; inlineData?: { mimeType: string; data: string; } | undefined; }[]' is not assignable to parameter of type 'string | (string | Part)[]'.
  Type '{ text?: string | undefined; inlineData?: { mimeType: string; data: string; } | undefined; }[]' is not assignable to type '(string | Part)[]'.
    Type '{ text?: string | undefined; inlineData?: { mimeType: string; data: string; } | undefined; }' is not assignable to type 'string | Part'.
      Type '{ text?: string | undefined; inlineData?: { mimeType: string; data: string; } | undefined; }' is not assignable to type 'TextPart | InlineDataPart | FunctionCallPart | FunctionResponsePart | FileDataPart | ExecutableCodePart | CodeExecutionResultPart'.
        Property 'codeExecutionResult' is missing in type '{ text?: string | undefined; inlineData?: { mimeType: string; data: string; } | undefined; }' but required in type 'CodeExecutionResultPart'.
src/services/gemini.ts(451,13): error TS6133: 'errorMsg' is declared but its value is never read.
src/services/gemini.ts(524,16): error TS2339: Property 'inlineData' does not exist on type '{ text?: string | undefined; inlineData?: { mimeType: string; data: string; } | undefined; } | { text: string; }'.
  Property 'inlineData' does not exist on type '{ text: string; }'.
src/services/gemini.ts(527,28): error TS2339: Property 'inlineData' does not exist on type '{ text?: string | undefined; inlineData?: { mimeType: string; data: string; } | undefined; } | { text: string; }'.
  Property 'inlineData' does not exist on type '{ text: string; }'.
src/services/gemini.ts(528,24): error TS2339: Property 'inlineData' does not exist on type '{ text?: string | undefined; inlineData?: { mimeType: string; data: string; } | undefined; } | { text: string; }'.
  Property 'inlineData' does not exist on type '{ text: string; }'.
src/services/githubAssetStorage.ts(7,30): error TS2307: Cannot find module 'uuid' or its corresponding type declarations.
src/services/pricingService.ts(275,7): error TS2739: Type '{}' is missing the following properties from type 'PlanLimits': chatMessagesPerDay, priorityQueue, storageGb
src/services/razorpay.ts(75,43): error TS6133: 'options' is declared but its value is never read.
src/services/razorpay.ts(77,9): error TS6133: 'RAZORPAY_KEY_SECRET' is declared but its value is never read.
src/services/razorpay.ts(145,3): error TS6133: 'orderId' is declared but its value is never read.
src/services/razorpay.ts(146,3): error TS6133: 'paymentId' is declared but its value is never read.
src/services/razorpay.ts(147,3): error TS6133: 'signature' is declared but its value is never read.
